// Jest Snapshot v1, https://goo.gl/fbAQLP

exports[`AuthenticationView Component view should render 1`] = `[Function]`;
