// Jest Snapshot v1, https://goo.gl/fbAQLP

exports[`<HomeView /> Main View should render correctly 1`] = `[Function]`;
